../Drivers/CMSIS/Include/core_cm7.h:2229:22:SCB_EnableICache	4	static,ignoring_inline_asm
../Drivers/CMSIS/Include/core_cm7.h:2281:22:SCB_EnableDCache	24	static,ignoring_inline_asm
../Core/Src/main.c:121:5:main	8	static
../Core/Src/main.c:186:6:SystemClock_Config	88	static
../Core/Src/main.c:240:13:MX_CRC_Init	8	static
../Core/Src/main.c:271:13:MX_DMA2D_Init	8	static
../Core/Src/main.c:310:13:MX_DSIHOST_DSI_Init	176	static
../Core/Src/main.c:428:6:MX_I2C4_Init	8	static
../Core/Src/main.c:476:13:MX_LTDC_Init	120	static
../Core/Src/main.c:560:13:MX_QUADSPI_Init	8	static
../Core/Src/main.c:625:13:MX_FMC_Init	56	static
../Core/Src/main.c:683:13:MX_GPIO_Init	64	static
../Core/Src/main.c:763:17:OTM8009A_IO_Delay	16	static
../Core/Src/main.c:775:10:DSI_IO_WriteCmd	24	static
../Core/Src/main.c:795:13:BSP_SDRAM_Initialization_Sequence	24	static
../Core/Src/main.c:856:16:QSPI_ResetMemory	104	static
../Core/Src/main.c:1016:16:QSPI_EnterMemory_QPI	96	static
../Core/Src/main.c:1064:16:QSPI_EnterFourBytesAddress	72	static
../Core/Src/main.c:1105:16:QSPI_DummyCyclesCfg	88	static,ignoring_inline_asm
../Core/Src/main.c:1202:16:QSPI_OutDrvStrengthCfg	88	static,ignoring_inline_asm
../Core/Src/main.c:1296:16:QSPI_WriteEnable	96	static
../Core/Src/main.c:1342:16:QSPI_AutoPollingMemReady	96	static
../Core/Src/main.c:1377:16:BSP_QSPI_EnableMemoryMappedMode	80	static
../Core/Src/main.c:1410:6:MPU_Config	24	static
../Core/Src/main.c:1487:6:HAL_TIM_PeriodElapsedCallback	16	static
../Core/Src/main.c:1505:6:Error_Handler	4	static,ignoring_inline_asm
